// Jest Snapshot v1, https://goo.gl/fbAQLP

exports[`matches snapshot 1`] = `
<DocumentFragment>
  <div
    class="App"
  >
    <h3>
      Todo App
    </h3>
    <div
      class="form-wrapper"
    >
      <form>
        <label
          for="task"
        >
          New Todo:
        </label>
        <input
          id="task"
          name="task"
          type="text"
          value=""
        />
        <button>
          Add Todo
        </button>
      </form>
    </div>
    <ul />
  </div>
</DocumentFragment>
`;
